cmd : 
At line:1 char:1
+ cmd /c "npm run build" 2>build-errors.txt
+ ~~~~~~~~~~~~~~~~~~~~~~~~~~~~~~~~~~~~~~~~~
    + CategoryInfo          : NotSpecified: (:String) [], RemoteException
    + FullyQualifiedErrorId : NativeCommandError
 
> Build error occurred
Error: Turbopack build failed with 7 errors:
./app/dashboard/hr/staff-list/import/page.tsx:301:17
Expected '</', got 'jsx text'
  [90m299 |[0m             </div>
  [90m300 |[0m           </div>
[31m[1m>[0m [90m301 |[0m       </section>
  [90m    |[0m                 
[31m[1m^^^^^^^^^^^^^^^^^^^^^^^^^^^^^^^^^^^^^^^^^^^^^^^^^^^^^^^^^^^^^^^^^^^^^^^^^^^^[0m
[31m[1m>[0m [90m302 |[0m       </main>
  [90m    |[0m [31m[1m^^^^^^[0m
  [90m303 |[0m     </div>
  [90m304 |[0m   );
  [90m305 |[0m }

Parsing ecmascript source code failed


./app/dashboard/hr/workflows/add/page.tsx:267:17
Expected '</', got 'jsx text'
  [90m265 |[0m
  [90m266 |[0m             <[33mHelpSection[0m mode=[32m"create"[0m 
entityName=[32m"Ó©ÑÓ©│Ó©öÓ©▒Ó©ÜÓ©üÓ©▓Ó©úÓ©¡Ó©ÖÓ©©Ó©íÓ©▒Ó©òÓ©┤"[0m />
[31m[1m>[0m [90m267 |[0m       </section>
  [90m    |[0m                 
[31m[1m^^^^^^^^^^^^^^^^^^^^^^^^^^^^^^^^^^^^^^^^^^^^^^^^^^^^^^^^^^^^^^^^^^^^^^^^^^^^[0m
[31m[1m>[0m [90m268 |[0m       </main>
  [90m    |[0m [31m[1m^^^^^^[0m
  [90m269 |[0m     </div>
  [90m270 |[0m   );
  [90m271 |[0m }

Parsing ecmascript source code failed


./app/dashboard/hr/workflows/edit/page.tsx:251:17
Expected '</', got 'jsx text'
  [90m249 |[0m
  [90m250 |[0m             <[33mHelpSection[0m mode=[32m"edit"[0m 
entityName=[32m"Ó©ÑÓ©│Ó©öÓ©▒Ó©ÜÓ©üÓ©▓Ó©úÓ©¡Ó©ÖÓ©©Ó©íÓ©▒Ó©òÓ©┤"[0m />
[31m[1m>[0m [90m251 |[0m       </section>
  [90m    |[0m                 
[31m[1m^^^^^^^^^^^^^^^^^^^^^^^^^^^^^^^^^^^^^^^^^^^^^^^^^^^^^^^^^^^^^^^^^^^^^^^^^^^^[0m
[31m[1m>[0m [90m252 |[0m       </main>
  [90m    |[0m [31m[1m^^^^^^[0m
  [90m253 |[0m     </div>
  [90m254 |[0m   );
  [90m255 |[0m }

Parsing ecmascript source code failed


./app/dashboard/hr/staff-list/edit/page.tsx:272:13
Expected a semicolon
  [90m270 |[0m                 </div>
  [90m271 |[0m               )}
[31m[1m>[0m [90m272 |[0m             </div>
  [90m    |[0m             [31m[1m^[0m
  [90m273 |[0m           </div>
  [90m274 |[0m       </section>
  [90m275 |[0m       </main>

Parsing ecmascript source code failed


./app/dashboard/hr/staff-list/edit/page.tsx:269:19
Unexpected token. Did you mean `{'}'}` or `&rbrace;`?
  [90m267 |[0m                         />
  [90m268 |[0m                     );
[31m[1m>[0m [90m269 |[0m                   })}
  [90m    |[0m                   [31m[1m^[0m
  [90m270 |[0m                 </div>
  [90m271 |[0m               )}
  [90m272 |[0m             </div>

Parsing ecmascript source code failed


./app/dashboard/hr/staff-list/edit/page.tsx:269:21
Unexpected token. Did you mean `{'}'}` or `&rbrace;`?
  [90m267 |[0m                         />
  [90m268 |[0m                     );
[31m[1m>[0m [90m269 |[0m                   })}
  [90m    |[0m                     [31m[1m^[0m
  [90m270 |[0m                 </div>
  [90m271 |[0m               )}
  [90m272 |[0m             </div>

Parsing ecmascript source code failed


./app/dashboard/hr/staff-list/edit/page.tsx:272:14
Unterminated regexp literal
  [90m270 |[0m                 </div>
  [90m271 |[0m               )}
[31m[1m>[0m [90m272 |[0m             </div>
  [90m    |[0m              [31m[1m^^^^^[0m
  [90m273 |[0m           </div>
  [90m274 |[0m       </section>
  [90m275 |[0m       </main>

Parsing ecmascript source code failed


    at <unknown> (./app/dashboard/hr/staff-list/import/page.tsx:301:17)
    at <unknown> (./app/dashboard/hr/workflows/add/page.tsx:267:17)
    at <unknown> (./app/dashboard/hr/workflows/edit/page.tsx:251:17)
    at <unknown> (./app/dashboard/hr/staff-list/edit/page.tsx:272:13)
    at <unknown> (./app/dashboard/hr/staff-list/edit/page.tsx:269:19)
    at <unknown> (./app/dashboard/hr/staff-list/edit/page.tsx:269:21)
    at <unknown> (./app/dashboard/hr/staff-list/edit/page.tsx:272:14)
